// Jest Snapshot v1, https://goo.gl/fbAQLP

exports[`Welfare reform details components should render <Row /> correctly 1`] = `
.c0 {
  margin-bottom: 15px;
}

<div
  className="c0"
/>
`;
